// Jest Snapshot v1, https://goo.gl/fbAQLP

exports[`renders correctly 1`] = `
<button
  onClick={[Function]}
>
  cos innego
   
  0
</button>
`;
